005
11beat
1941
1941j
1942
1942a
1942b
1943
1943j
1943kai
1944
1944j
1945kiii
19xx
19xxa
19xxh
19xxj
19xxjr1
2020bb
2020bba
2020bbh
280zzzap
3countb
3in1semi
3kokushi
3stooges
3wonders
3wonderu
40love
47pie2
47pie2o
4dwarrio
4enraya
4in1
4in1boot
4psimasy
600
64streej
64street
720
720g
720gr1
720r1
720r2
720r3
7jigen
7toitsu
800fath
88games
8ball
8ball1
8ballact
8ballat2
8bpm
99lstwar
99lstwra
99lstwrk
9ballsh2
9ballsh3
9ballsht
a51mxr3k
a51site4
aafb
aafbb
aafbc
aafbd2p
abaseb
abaseb2
abattle
abattle2
abcop
abscam
abunai
aburner
aburner2
ace
aceattac
acedrvrw
acitya
acombat
acommand
acpsx
acrobatm
actfanc1
actfancj
actfancr
actionhw
ad2083
aerfboot
aeroboto
aerofgt
aerofgtb
aerofgtc
afighter
afire
agallet
agress
agressb
ainferno
airattck
airbustj
airbustr
airco22b
aircombj
aircombu
airduel
airraid
airwolf
ajax
ajaxj
akiss
akkanvdr
alcon
alexkid1
alexkidd
alibaba
alien3
alien3u
alienar
alienaru
alieninv
aliens
aliens2
aliens3
aliensj
aliensj2
aliensu
aliensy1
aliensy2
aliensy3
aliensyn
aligator
aligatun
alleymas
alphaho
alpham2
alphamis
alphaona
alphaone
alphaxz
alpine
alpinea
alpinerc
alpinerd
alpinesa
alpinr2b
altbeaj1
altbeaj3
altbeas2
altbeas4
altbeas5
altbeasj
altbeast
amatelas
amazon
ambush
ambusht
ambushv
amerdar2
amerdart
amidar
amidarb
amidaro
amidars
amidaru
amigo
ampoker2
ampokr2a
ampokr2b
ampokr2c
amspdwy
amspdwya
androdun
andromed
angelkds
animaljr
anteater
anteatg
anteatgb
aodk
aof
aof2
aof2a
aof3
aof3k
apache3
apb
apb1
apb2
apb3
apb4
apb5
apb6
apbf
apbg
aponow
apparel
appoooh
aquajack
aquajckj
aquarium
aquarush
ar_airh
ar_bios
ar_bowl
ar_dart
ar_fast
ar_ldrb
ar_ldrba
ar_ninj
ar_rdwr
ar_sdwr
ar_socc
ar_spot
ar_sprg
ar_xeon
arabfgt
arabfgtj
arabfgtu
arabiamj
arabiamu
arabian
arabiana
arabianm
arbalest
arcadecl
arcadia
archriv2
archrivl
area51
area51a
area51mx
area51t
area88
arescue
argus
argusg
arkangc
arkanoid
arkarea
arkatayt
arkatour
arkbl2
arkbl3
arkbloc2
arkblock
arknid2j
arknid2u
arknoid2
arknoidj
arknoidu
arknoiuo
arkretrn
arlingtn
armchmp2
armedf
armora
armorap
armorar
armorca2
armorcar
armwar
armwara
armwarr1
armwaru
armwrest
ashnojoe
ashura
ashurau
aso
assault
assaultj
assaultp
astdelu1
astdelux
asterix
asterock
asteroi1
asteroib
asteroid
astinvad
astorm
astorm3
astormbl
astormj
astormu
astrass
astrob
astrob1
astrob2
astrob2a
astrof
astrof2
astrof3
astrofl
astrxeaa
astrxeac
astyanax
asuka
asurabld
asylum
atarifb
atarifb1
atarifb4
ataxx
ataxxa
ataxxj
atehate
atetckt2
atetcktl
atetris
atetrisa
atetrisb
atetrsb2
athena
atlantis
atlantol
atlants2
atluspsx
atomboy
atomicp
atompunk
atpsx
attckufo
aurail
aurail1
aurailj
av2mj1bb
av2mj2rg
avalnche
avenger2
avengers
avengrgj
avengrgs
avsp
avspa
avsph
avspirit
avspj
avspu
aztarac
azurian
backfira
backfire
baddudes
badlands
bagman
bagmanmc
bagmans
bagmans2
bagnard
bagnarda
bakatono
bakubaku
bakubrkr
bakuhatu
bakutotu
balcube
ballbomb
ballbros
balonfgt
baluba
bananadr
bandido
bang
bangball
bangbead
bangj
bankp
baraduka
baraduke
barricad
barrier
basebal2
bass
batcir
batcira
batcirj
batlbala
batlball
batlbubl
batman
batman2
batmanfr
batrider
batridra
batridrk
batsugna
batsugun
battlan2
battlan3
battlane
battlcry
battleg
battlega
battlegb
battlegc
battlera
battles
battlex
battlntj
battlnts
battroad
batugnsp
batwings
bayrout1
bayroute
bayroutj
bayrtbl1
bayrtbl2
bbakradu
bbakraid
bballs
bbbxing
bbmanw
bbmanwj
bbonk
bbprot
bbros
bbusters
bchopper
bcrusher
bcruzm12
bcstry
bcstrya
bctvidbs
beaminv
beastf
beastrzb
beastrzr
beathead
beezer
beezer1
bel
benberob
berabohm
beraboho
berlwall
berlwalt
bermudaa
bermudao
bermudat
berzerk
berzerk1
bestleag
bigbang
bigbucks
bigdeal
bigdealb
bigevglf
bigfghtr
bigkarnk
bigkong
bigprowr
bigrun
bigstrik
bigstrkb
bigtwin
bijokkog
bijokkoy
billiard
bioatack
biofreak
biomtoy
bionicc
bionicc2
bioship
birdtry
bishi
bjourney
bjtwin
bking
bking2
bking3
bkrtmaq
bktigerb
bladestl
bladstle
blandia
blandiap
blast30
blasted
blaster
blastkit
blasto
blastoff
blazeon
blazer
blazstar
blckgalb
blckout2
blckoutj
bldwolf
bldyror2
blitz
blitz11
blitz2k
blitz99
blkbustr
blkdrgnb
blkdrgon
blkhearj
blkheart
blkhole
blkpnthr
blktiger
blmbycar
blmbycau
block
blockade
blockbl
blockcar
blocken
blockgal
blockhl
blockj
blockjoy
blockout
bloodbra
bloodbro
bloods11
bloods21
bloods22
bloodstm
bloodwar
bloxeed
bloxeedc
bloxeedu
blsthead
blstroi2
blstroi3
blstroid
blstroig
blswhstl
bluehawk
bluehawn
blueprnj
blueprnt
blueshrk
blzntrnd
bm1stmix
bm2ndmix
bm2ndmxa
bm4thmix
bm5thmix
bm6thmix
bmaster
bmcbowl
bmcompm2
bmcompmx
bmcorerm
bmdct
bnglngby
bnj
bnzabros
bnzabrsj
boblbobl
bodyslam
bogeyman
boggy84
bombbee
bombjac2
bombjack
bombkick
bomblord
bombrman
bongo
bonkadv
bonzeado
bonzeadu
bonzeadv
boogwina
boogwing
boomrang
bootcamp
boothill
borench
borntofi
bosco
boscomd
boscomdo
boscoo
boscoo2
botanic
botss
bottom9
bottom9n
bouldash
bouldshj
bounty
bowler
bowlrama
boxer
boxingb
boxyboy
bradley
brain
brapboys
brdrlinb
brdrline
breakers
breakrev
breywood
brickyrd
brickzn
brickzn3
brival
brivalj
brix
brkthru
brkthruj
bronx
brubber
brutforc
brvblade
bshark
bsharkj
bsktball
bssoccer
bstars
bstars2
btchamp
btime
btime2
btimem
btlecity
btlfield
btlfildb
btlkroad
btltryst
btoads
bubblem
bubblemj
bubbles
bubblesp
bubblesr
bubbletr
bubbobr1
bubl2000
bublbob1
bublbob2
bublbobl
bublbobr
bubsympe
bubsymph
bubsympu
buccanra
buccanrs
buckrog
buckrogn
bucky
buckyua
buggyb1
buggyboy
buggychl
buggycht
bullet
bullfgt
bullfgtr
bullfgts
bullsdrt
buraiken
burglarx
buriki
burnforc
burnfrco
burningf
burningh
butasan
bwcasino
bwidow
bwing
bwings
bzone
bzone2
bzonec
cabal
cabal2
cabalbl
cabaret
cachat
cadash
cadashf
cadashi
cadashj
cadashu
cairblad
calibr50
calipso
calorie
calorieb
calspeda
calspeed
cameltrj
cameltry
camltrua
candance
cannball
cannonb
cannonb2
canvas
canyon
canyonp
capbowl
capbowl2
capbowl3
capbowl4
capitol
captaven
captavna
captavne
captavnj
captavnu
captavuu
captcomj
captcomm
captcomu
caractn
cardline
carjmbre
carnevil
carnival
carnvckt
carpolo
cartfury
cascade
castfant
catapult
catch22
caterplr
catmousa
catnmous
catt
cavelon
cavenger
cawing
cawingj
cawingr1
cawingu
cbaj
cball
cbasebal
cbdash
cbnj
cbtime
cburnrb2
cburnrub
cbuster
cbusterj
cbusterw
ccasino
ccastle2
ccastle3
ccastles
ccboot
ccboot2
cchasm
cchasm1
cclimber
cclimbr2
cclimbrj
cclmbr2a
cdiscon1
centipd2
centipdb
centiped
centtime
cerberus
cexplore
cfghtice
cflyball
cgangpzj
cgangpzl
cgraplop
cgraplp2
chainrec
chaknpop
challeng
chameleo
champb2a
champbas
champbb2
champbbj
champbja
champbwl
champwr
champwrj
champwru
changela
changes
changesa
charlien
chasehq
chasehqj
chboxing
checkmaj
checkman
checkmat
cheekyms
cheesech
chelnov
chelnovj
chelnovu
chewing
cheyenne
chikij
chiller
chimerab
chinagat
chinatwn
chindrag
chinher2
chinhero
chinmoku
chmplst2
chokchok
choko
chopper
choppera
chopperb
chplft
chplftb
chplftbl
chqflag
chqflagj
chugokur
chukatai
chukataj
chukatau
chwrestl
chwy
circus
circusc
circusc2
circusc3
circuscc
circusce
cischeat
citybmrj
citybomb
citycon
citycona
citylove
ckong
ckonga
ckongalc
ckongb
ckongjeu
ckongo
ckongs
clapapa
clapapa2
claypign
clayshoo
clbowl
cleopatr
cloak
cloakfr
cloakgr
cloaksp
clocknch
cloud9
clowns
clowns1
clshrdst
clshroad
cltchitr
cltchtrj
club90s
club90sa
cluckypo
cluclu
cm2841a
cm2v841
cmehyou
cmissnx
cmv801
cnights2
cnightst
cninja
cninja0
cninjau
cntsteer
cobracmj
cobracom
colmns97
colony7
colony7a
colt
column2j
columns
columns2
columnsj
columnsu
combasc
combascb
combascj
combasct
combat
commandj
commando
commandu
commandw
commsega
comotion
compglfo
compgolf
complexx
condor
congo
conquer
contcirc
contcrcu
contcrua
contra
contrab
contraj
contrajb
cookbib
cookbib2
cookbib3
cookrace
coolmini
coolpool
coolridr
cop01
cop01a
copsnrob
cosmccop
cosmica
cosmica2
cosmicg
cosmicm2
cosmicmo
cosmo
cosmogng
cosmognj
cosmos
cotton
cotton2
cottonbm
cottong
cottonj
cottonu
countrb2
countrnb
countrun
countryc
couple
couplei
couplep
cppicf
cppicf2
cprobowl
cprogolf
cprosocc
cptennis
cpzn1
cpzn2
cracksht
crash
crater
crazyblk
crazycop
crazyfgt
crbalon2
crbaloon
crgolf
crgolfa
crgolfb
crgolfc
crgolfhi
crimec
crimecj
crimecu
crimfght
crimfgt2
crimfgtj
critcrsh
crkdown
crkdownj
crmaze
crmazea
crmazeb
croquis
crospang
crossbow
crshrac2
crshrace
crsword
cruisin
crush
crush2
crush3
crush4
crusnexo
crusnu21
crusnu40
crusnusa
crusnw13
crusnw20
crusnwld
cryptklr
crysbios
crysking
crystal2
crystalg
crzralla
crzrallg
crzrally
csclub
cscluba
csclubh
csclubj
cscrtry
cscrtry2
cshift
cshooter
cshootre
csilver
csk227it
csk234it
cspring1
csprins1
csprint
csprint1
csprint2
csprintf
csprintg
csprints
cstlevna
csuperas
csweetht
ct2k3sp
cterrani
cthd2003
ctisland
ctislnd2
ctislnd3
ctomaday
ctornado
ctribe
ctribeb
ctrpllrp
ctsttape
cubybop
cuebrckj
cuebrick
cultname
cuoreuno
cupfinal
cupsoc
cupsoc2
cupsocbl
curvebal
cutieq
cvs
cworld
cworld2j
cybattlr
cyberb21
cyberb22
cyberb23
cyberb2p
cyberba2
cyberbal
cyberbap
cyberbt
cyberbt1
cyberlip
cybertnk
cybots
cybotsj
cybotsu
cybrcomm
cybrcycc
cybsled
cyclshtg
cyclwarr
cyvern
czeroize
dacholer
dadandrn
daimakai
daioh
daireika
dairesya
daisenpu
daiskiss
daitorid
daiyogen
dakkochn
dambust
dambustr
danceyes
danchih
dangar
dangar2
dangarb
dangerz
dangseed
dankuga
daraku
darius
darius2
darius2d
dariuse
dariusg
dariusgj
dariusgu
dariusgx
dariusj
dariuso
darkadv
darkedge
darkedgj
darkhors
darkmist
darkplnt
darksea1
darkseaj
darkseal
darksel2
darktowr
darkwar
darwin
dassaul4
dassault
dayto2pe
daytona
daytona2
daytonam
daytonat
dazzler
dblaxle
dbldyn
dbldynf
dblewing
dblplay
dblpoint
dbreed
dbreed72
dbz
dbz2
dbzvrvs
dcclub
dcclubfd
dcheese
dcon
dday
ddayc
ddayjlc
ddayjlca
ddcrew
ddcrew1
ddcrew2
ddcrewj
ddcrewu
ddenlovr
ddonpach
ddonpchj
ddp2
ddragn2u
ddragnw1
ddrago3b
ddragon
ddragon2
ddragon3
ddragonb
ddragonu
ddragonw
ddream95
ddribble
ddsom
ddsoma
ddsomj
ddsomjr1
ddsomr1
ddsomr2
ddsomu
ddsomur1
ddtod
ddtoda
ddtodh
ddtodj
ddtodjr1
ddtodr1
ddtodu
ddtodur1
ddungeon
ddux
ddux1
dduxbl
deadang
deadconj
deadconx
deadeye
dealer
deathbrd
decathlt
decocass
defcmnd
defence
defender
defendg
defendw
defense
defndjeu
deltrace
demndrgn
demoderb
demoderm
demon
demoneye
demonwl1
demonwl2
demonwld
dendeg
dendeg2
dendeg2x
dendegx
denjinmk
depthch
depthv1
deroon
desert
desertbr
desertgu
desertwr
desterth
destroyr
detatwin
devilfsg
devilfsh
devilw
devstor2
devstor3
devstors
devzone
devzone2
dfeveron
dharma
diamond
diehard
dietgo
dietgoe
dietgoj
dietgou
digdug
digdug2
digdug2o
digduga1
digdugat
digdugb
digger
diggerc
dimahoo
dingo
dingoe
dino
dinoj
dinorex
dinorexj
dinorexu
dinou
dirtdvla
dirtdvls
dirtfoxj
disco
discof
diverboy
djboy
djboyj
dkgenm72
dkgensan
dkngjnrb
dkngjnrj
dkong
dkong3
dkong3b
dkong3j
dkongjo
dkongjo1
dkongjp
dkongjr
dkongjrb
dkongjrj
dkongjrm
dkongo
dlair
dleague
dmndrby
dmndrbya
dmnfrnt
dmnfrnta
dnmtdeka
doa
doaa
doapp
docastl2
docastle
docastlo
dockman
dodgem
dogfgt
dogfgtj
dogfight
dogosoke
dogosokj
dogpatch
dogyuun
dokaben
dokyusei
dokyusp
domino
dominos
dommy
dondenmj
dondokdj
dondokdu
dondokod
donpachi
donpachj
donpachk
dorachan
dorodon
dorodon2
dorunrca
dorunru2
dorunruc
dorunrun
dotriku2
dotrikun
dotron
dotrona
dotrone
doubledr
douni
dowild
downtow2
downtown
downtowp
dplay
dragnblz
dragngun
dragoona
dragoonj
dragrace
drakton
dreamwld
dremshpr
drgnbowl
drgnbstr
drgninja
drgnmst
drgnunit
drgnwrld
drgpunch
drgw2
drgw2c
drgw2j
drgw3
drgw3k
drgwrld3
dribling
driblino
drifto94
driftout
drius2do
drivedge
driveout
driveyes
drivfrcb
drivfrcg
drivfrcp
drmario
drmicro
drtomy
drtoppel
drtopplj
drtopplu
dsaber
dsaberj
dsccr94j
dsoccr94
dspirit
dspirito
dstlk
dstlka
dstlku
dstlkur1
dualaslt
duckhunt
dumpmtmt
dungenmu
dungeonm
dunkmnia
dunkmnic
dunkshot
dwarfd
dyger
dygera
dynabb
dynablsb
dynablst
dynadice
dynagear
dynamcop
dynamski
dyndeka2
dynduke
dyndukf
dynmcopb
dynobop
dynwar
dynwarj
dzigzag
eagle
eagle2
eagle3
eaglshot
earthjkr
ebases
eca
ecofghta
ecofghtr
ecofghtu
edf
edfu
edrandy
edrandy1
edrandyj
egghunt
eggor
eggs
eggvent7
eggventr
eggvntdx
ehrgeiz
ehrgeiza
eightfrc
eightman
einnings
ejanhs
ejihon
elandore
elecyoy2
elecyoyo
elephfam
elevatob
elevator
elim2
elim2a
elim2c
elim4
elim4p
elvact2u
elvactr
elvactrj
embargo
emeralda
emerldaa
empcity
empcityj
empcityu
endurob2
endurobl
enduror
enduror1
enforce
enigma2
enigma2a
eprom
eprom2
equites
equitess
ertictac
esb
esckids
esckidsj
espial
espialu
esprade
espradej
espradeo
eswat
eswatbl
eswatj
eswatu
eto
euroch92
evilngt
evilston
evosocc
excelsr
excitbkj
excitebk
excthour
exctleag
exctscc2
exctscca
exctsccb
exctsccr
exedexes
exerion
exerionb
exeriont
exerizrb
exodus
explbrkr
explorer
exprrada
exprraid
extdwnhl
exterm
extrmatn
exvania
exzisus
eyes
eyes2
eyeszac
f15se
f1dream
f1dreamb
f1en
f1gp
f1gp2
f1gpstar
f1gpstr2
f1lap
f1superb
fa
faceoff
falcon
falcona
fantasia
fantasy
fantasyj
fantasyu
fantazia
fantjour
fantland
fantlnda
fantsia2
fantsy95
fantzn2
fantzon1
fantzone
farmer
farwest
fastfred
fastlane
fatfursa
fatfursp
fatfurwa
fatfury1
fatfury2
fatfury3
fax
faxa
fbfrenzy
fcombat
fcrash
feversos
ffantasa
ffantasy
ffight
ffightj
ffightj1
ffightu
ffightua
ffreveng
fghtatck
fghtbskt
fghthist
fghthsta
fghthstu
fgoal
fgoala
fgtlayer
fhawk
fhawkj
fhboxers
fieldday
fightfev
fightfva
fightrol
finalap2
finalap3
finalapc
finalapd
finalapo
finalapr
finalb
finalbj
finalbny
finalbu
finalizb
finalizr
finallap
finalp2j
finalp3j
finalttr
findlove
findout
finehour
finfrl2j
finfurl2
finlapjb
finlapjc
finlarch
firebarr
firebatl
firehawk
fireone
fireshrk
firetpbl
firetrap
firetrk
fitegol2
fitegolf
fitfight
fitter
fixeighb
fixeight
fjbuster
flameguj
flamegun
flashgal
flashgla
flicky
flickyo
flipshot
flkatck
flower
flowerbl
flstory
flstoryj
flyball
flyboy
flyboyb
flytiger
fmaniac3
fncywld
fnkyfish
fntsia2a
foodf
foodf2
foodfc
footchmp
forcebrk
forgottn
formatz
fort2b
fort2ba
fortecar
fourtrax
fpoint
fpoint1
fpointbj
fpointbl
fredmem
freekckb
freekick
freeze
frenzy
friskyt
friskyta
frogf
frogg
frogger
froggers
froggrmc
frogs
frogseg1
frogseg2
fromanc2
fromanc4
fromance
fromancr
frontlin
fround
froundl
fshark
fsharkbt
fstarfrc
fswords
ftimpact
ftimpcta
ftsoccer
fullthrl
funkybee
funkyfig
funkyjej
funkyjet
funnymou
funybubl
funystrp
futflash
futspy
fvipers
fvipers2
fx
g13knd
ga2
ga2j
ga2u
gaia
gaiapolj
gaiapols
gaiapolu
gaiden
gakupara
gakusai
gakusai2
gal10ren
galag88j
galaga
galaga3
galaga3a
galaga3m
galaga88
galagamk
galagamw
galagao
galap1
galap4
galapx
galaxia
galaxiaj
galaxian
galaxyfg
galaxygn
galhustl
galivan
galivan2
galkaika
galkoku
gallag
gallop
galmedes
galmidw
galmidwo
galpani2
galpani3
galpani4
galpania
galpanib
galpanic
galpanis
galpans2
galspnbl
galturbo
galxwar2
galxwars
galxwart
gametngk
gamshara
gangonta
gangwarb
gangwars
ganryu
gaplus
gaplusa
gapluso
gardia
gardiab
garogun
garou
garouo
garoup
garuka
garyoret
gatedom1
gatedoom
gatsbee
gaun22p1
gaun22pg
gaun2pg1
gaun2pj2
gaun2pr3
gaunt2
gaunt22p
gaunt2g
gaunt2p
gaunt2pg
gaunt2pj
gauntd24
gauntdl
gauntg
gauntgr3
gauntgr6
gauntgr8
gauntj
gauntj12
gauntl12
gauntleg
gauntlet
gauntr1
gauntr2
gauntr4
gauntr5
gauntr7
gauntr9
gaunts
gaxeduel
gberet
gberetb
gblchmp
gbusters
gcpinbal
gdarius
gdarius2
gdariusb
gdfs
geebee
geebeeg
gekiretu
gekirido
gekisou
gekitsui
gemini
genix
genpeitd
gensitou
geostorm
gepoker
gepoker1
gepoker2
gepoker3
getbass
getstar
getstarb
getstarj
gfire2
gforce2
gforce2j
gghost
ggreats2
gground
ghlpanic
ghoshunt
ghostb
ghostb3
ghostlop
ghouls
ghoulsu
ghox
ghunter
gigandes
gigandsj
gigasb
gigasm2b
gigawing
gijoe
gijoej
gijoeu
gimeabrk
gingania
ginganin
ginkun
gionbana
gjspace
gladiatr
glass
glass10
glass10a
gldncrwn
glfgreat
glfgretj
gloc
glocr360
glprac2j
glprac2l
glpracr
glpracr2
glpracr3
gmahou
gmgalax
gmissile
gnbarich
gng
gnga
gngt
go2000
goal92
goalx3
godzilla
gogomile
gogomilj
goindol
goindolj
goindolu
gokuparo
goldbug
goldmeda
goldmedb
goldmedl
goldnabl
goldnax1
goldnax2
goldnax3
goldnaxe
goldnaxj
goldnaxu
goldstar
goldstbl
golgo13
gollygho
gomoku
gondo
goonies
gorf
gorfpgm1
gorkans
gotcha
gotya
gowcaizr
gp500
gpan2qiz
gpgolf
gpilots
gprider
gprider1
gradius
gradius2
gradius3
gradius4
gratia
gratiaa
gravitar
gravitr2
gravp
grchamp
grdforce
grdians
grdius2a
grdius2b
grdius3a
grdius3e
grdnstrm
greatgun
greatgur
greenber
grescue
gridiron
gridlee
griffon
grindsta
grindstm
grndtour
grobda
grobda2
grobda3
groovef
groundfx
growl
growlu
grtwall
grudge
gryzor
gs4002
gs4002a
gseeker
gseekerj
gseekeru
gslgr94u
gslugrsj
gstrik2
gstriker
gsword
gsword2
gt102b
gt102c
gt102c1
gt102c2
gt102c3
gt103
gt103a
gt103a1
gt103a2
gt103a3
gt103aa
gt103ab
gt103asx
gt2k
gt2ks100
gt2kt500
gt3d
gt3dl191
gt3dl192
gt3ds192
gt3dt211
gt3dt231
gt3dv14
gt3dv15
gt3dv16
gt3dv17
gt3dv18
gt5
gt507uk
gt97
gt97s121
gt97t240
gt97v120
gt97v121
gt97v122
gt98
gt98s100
gt98t303
gt98v100
gt99
gt99s100
gt99t400
gtclassc
gtclassp
gtcls100
gteikob2
gteikokb
gteikoku
gtg
gtg2
gtg2j
gtg2t
gtgt
gticlub
gticlubj
gtmr
gtmr2
gtmr2a
gtmr2u
gtmra
gtmre
gtmrusa
gtroyal
gtstarba
gtsuprem
guardian
guiness
gulfstr2
gulfstrm
gulfwar2
gumbo
gunball
gunbird
gunbird2
gunbirdj
gunbirdk
gunblade
gunbulet
gunbustr
gundamex
gundeala
gundealr
gundealt
gundhara
gundl94
gunfight
gunforc2
gunforce
gunforcj
gunforcu
gunfronj
gunfront
gunhohki
gunlock
gunmast
gunnail
gunpey
gunsmoka
gunsmoke
gunsmokj
gunsmoku
gururin
gussun
gutangtn
gutsn
guwange
guzzler
gwar
gwara
gwarb
gwarj
gwarrior
gwinga
gwingj
gypsyjug
gyrodinc
gyrodine
gyruss
gyrussce
hachamf
hachoo
hal21
hal21j
halleycj
halleys
halleysc
hanaawas
hanagumi
hanakanz
hanamai
hanamomb
hanamomo
hanaoji
hanaroku
hangly
hangly2
hangly3
hangman
hangon
hangonjr
hangplt
harddrb5
harddrb6
harddrc1
harddrcb
harddrcg
harddrg4
harddriv
harddrj6
harddrv1
harddrv2
harddrv3
harddrvb
harddrvc
harddrvg
harddrvj
harddunj
harddunk
hardhat
hardhea2
hardhead
hardhedb
hardyard
hardyd10
harem
harley
hasamu
hatena
hatris
hattrick
hayaosi1
hbarrel
hbarrelw
hcastle
hcastlej
hcastleo
hcastljo
hcrash
hcrashc
hdrivaip
hdrivair
headon
headon2
headonb
headoni
heartatk
heatbrl
heatbrlo
heatbrlu
heatof11
heberpop
hedpanic
heiankyo
helifira
helifire
hellfir1
hellfire
herbiedk
hero
herodk
herodku
hexa
hexion
hexpool
hfh
hgkairak
hharry
hharryu
hidctch2
hidnctch
higemaru
highspla
highsplt
hiimpac3
hiimpacp
hiimpact
hippodrm
hiryuken
hishouza
histryma
hitice
hitme
hitnmis2
hitnmiss
hkagerou
hmcompm2
hmcompmx
hnayayoi
hncholms
hnfubuki
hng64
hnkochou
hnoridur
hoccer
hoccer2
hogalley
holeland
holo
homerun
homo
honeydol
hook
hookj
hooku
hoops95
hoops96
hopmappy
hopprobo
horekid
horekidb
horizon
horshoes
hotblock
hotbubl
hotchase
hotd
hotdebut
hotdogst
hotgm4ev
hotgmck
hotgmck3
hotgmcki
hotmemry
hotmind
hotpinbl
hotrod
hotroda
hotrodj
hotshock
hotsmash
hourouki
housemn2
housemnq
hpolym84
hpuncher
hstenn10
hstennis
htchctch
hthero
hthero93
hthero94
hthero95
hthro95u
hunchbak
hunchbkd
hunchbkg
hunchbks
huncholy
hustle
hustler
hustlerb
hvnsgate
hvoltage
hvymetal
hvysmsh
hwchamp
hwrace
hydra
hydrap
hydrap2
hyhoo
hyhoo2
hyouban
hyperath
hyperpac
hyperpcb
hyperspt
hyprdelj
hyprdriv
hyprduel
hypreac2
hypreact
hyprolyb
hyprolym
hypsptsp
iceclimb
iceclmbj
iceclmrj
ichir
ichirj
ichirjbl
ichirk
idhimitu
idolmj
idsoccer
iemoto
iemotom
iganinju
igmo
ikari
ikari3
ikari3nr
ikarijp
ikarijpb
ikki
imago
imekura
imgfight
imsorry
imsorryj
inca
indianbt
indy500
indyheat
indytem2
indytem3
indytem4
indytemd
indytemp
inferno
insector
insectx
intcup94
inthunt
inthuntu
intrepi2
intrepid
introdon
intrscti
inufuku
invad2ct
invaddlx
invader4
invaderl
invaders
invadpt2
invadrmr
invasion
invasn
invds
invho2
invinco
invrvnga
invrvnge
ipminvad
iqblock
irobot
ironhors
irrmaze
ixion
jack
jack2
jack3
jackal
jackalj
jackpool
jackrab2
jackrabs
jackrabt
jailbrek
jajamaru
janbari
janjans1
janjans2
janshin
jantouki
jchan
jchan2
jcross
jdredd
jdreddb
jdreddp
jedi
jgakuen
jigkmgri
jin
jitsupro
jituroku
jjack
jjparad2
jjparads
jjsquawk
jleague
jockeygp
joemac
joemacr
joemacra
jogakuen
joinem
jojo
jojoba
jojobaa
jollycrd
jollyjgr
jolycdab
jolycdat
jolycdcr
jolycdit
jongbou
josvolly
journey
joust
joust2
joustr
joustwr
joyfulr
joyjoy
joyman
jpark
jrpacman
jrpacmbl
jsk
jspecter
jspectr2
jumpbug
jumpbugb
jumpcoas
jumpcoat
jumping
jumpkids
jumppop
jumpshot
jumpshtp
jungleh
junglek
jungler
junglers
junglhbr
junglkj2
junofrst
junofstg
kabukikl
kabukiz
kabukizj
kageki
kagekia
kagekij
kaguya
kaguya2
kaguya2f
kaiserkj
kaiserkn
kaitei
kaiteids
kaiteik
kakumei
kakumei2
kamenrid
kamikaze
kamikcab
kanatuen
kangaroa
kangarob
kangaroo
kaos
karatblj
karatblu
karatblz
karatedo
karatevs
karatour
karianx
karnov
karnovj
karnovr
kazan
kbash
kbash2
kchamp
kchampvs
kdeadeye
kdynastg
keithlcy
kengo
kf10thep
kf2k2mp
kf2k2mp2
kf2k2pla
kf2k2pls
kf2k3bl
kf2k3bla
kf2k3pcb
kf2k3pl
kf2k3upl
kf2k5uni
kick
kicka
kickboy
kicker
kickgoal
kicknrun
kickoff
kickridr
kidniki
kidnikiu
kikaioh
kikcubib
kikcubic
kikikai
kikstart
killbld
killbldt
killcom
kingbalj
kingball
kingdmgp
kingofb
kinst
kinst13
kinst14
kinst2
kinst210
kinst211
kinst213
kinst2k
kinstp
kirameki
kirarast
kisekaeh
kisekaem
kittenk
kiwame
kiwames
kizuna
klax
klax2
klax3
klaxd
klaxj
klaxp1
klaxp2
klondkp
knckhead
knckhedj
kncljoe
kncljoea
kngtmare
knightb
knights
knightsj
knightsu
knockout
knpuzzle
kod
kodb
kodj
kodu
kodure
kof10th
kof2000
kof2000n
kof2001
kof2001h
kof2002
kof2003
kof2k4se
kof94
kof95
kof95a
kof96
kof96h
kof97
kof97a
kof97pls
kof98
kof98k
kof98n
kof99
kof99a
kof99e
kof99n
kof99p
kog
koikois2
koinomp
konami88
konamigt
konamigv
konamigx
kopunch
korinai
korinaim
korokoro
korosuke
koshien
kosmokil
kothello
kotm
kotm2
kotmh
kouyakyu
kov
kov115
kov2
kov2106
kov2p
kovj
kovplus
kovplusa
kovsh
kram
kram2
kram3
kroozr
krull
krzybowl
ksayakyu
ktiger
ktiger2
kuhga
kungfub
kungfub2
kungfud
kungfum
kungfut
kungfuta
kuniokub
kuniokun
kurikina
kurikinj
kurikint
kurikinu
kyros
kyrosj
kyuhito
kyukaidk
kyukaido
kyustrkr
labyrunk
labyrunr
ladybgb2
ladybug
ladybugb
ladybugg
ladyfrog
ladygolf
ladykill
lagunar
landbrk
landbrka
landgear
landmakr
landmkrp
lans2004
laser
laserbas
laserbat
laserbsa
lasso
lastblad
lastbld2
lastblda
lastbrnj
lastbrnx
lastday
lastdaya
lastduel
lastfero
lastfght
lastforg
lastfort
lastmisn
lastmsnj
lastmsno
lastsold
lazarian
lazercmd
lbgrande
lbowling
lckywldj
ldrun
ldrun2
ldrun3
ldrun3jp
ldrun4
ldruna
le2
le2j
le2u
leaguemn
ledstorm
legend
legendos
legion
legionna
legionnu
legiono
legofair
lemans24
lemmings
lemnangl
leprechn
leprechp
lethalej
lethalen
lethalj
lethalth
levers
lghost
lghostu
lgtnfght
lgtnfghu
lhb
liberat2
liberatb
liberate
liberatr
liblrabl
lifefrce
lifefrcj
lightbr
liquidk
liquidku
lithero
littlerb
livegal
lizwiz
lkage
lkageb
lkageb2
lkageb3
llander
llander1
lnc
lockload
lockon
locomotn
loderdfa
loderndf
loffire
loffirej
loffireu
logger
logicpr2
logicpro
loht
lomakai
looper
looping
loopinga
lordgun
lordofk
losttmbh
losttomb
lostwrld
lostwsga
lotlot
lottof2
lottofun
lovehous
lrescue
lresort
lsasquad
lstduela
lstduelb
ltcasin2
ltcasino
lucky8
luckywld
luctoday
lunarba1
lunarbat
lupin3
luplup
luplup29
lvcards
lvgirl94
lvpoker
lwings
lwings2
lwingsjp
m4
m660
m660b
m660j
m79amb
mace
macea
mach3
machbrkr
machomou
machridj
machridr
macross
macross2
macrossp
macsbios
madalien
madball
madcrash
maddonna
maddonnb
madgear
madgearj
madmotor
madshark
magdrop
magdrop2
magdrop3
magdropp
magerror
magic10
magic102
magic10a
magicbua
magicbub
magiccrd
magicstk
magix
maglord
maglordh
magmax
magspot
magspot2
magworm
mahmajn
mahmajn2
mahoudai
mahretsu
maiko
mainev2p
mainevt
mainevto
mainsnk
majest12
majs101b
majtitl2
majtitle
majuu
makaiden
makaimuc
makaimug
makaimur
maketrax
maketrxb
makyosen
malzak
malzak2
mangchi
manhatan
maniach
maniach2
maniacsp
maniacsq
manxtt
manybloc
mappy
mappyj
marble
marble2
marble3
marble4
marineb
marinedt
mariner
mario
mariojp
markham
mars
martmast
maruchan
marukin
marukodq
marvins
marvland
marvlanj
masao
mastboy
mastboyi
masterw
masterwu
mastkin
matchit
matchit2
mating
matinga
matmania
matrim
mausuke
maxaflex
maxf_102
maxforce
maxrpm
maya
mayday
maydaya
maydayb
mayhem
mayjinsn
mayjisn2
mayumi
maze
mazerbla
mazinger
mblkjack
mbomberj
mbombrd
mbombrdj
mbrush
mcatadv
mcatadvj
mchampda
mchampdx
mcitylov
mcnpshnt
mcontest
mdhorse
mechatt
mechattu
medlanes
megab
megabj
megadon
megaforc
megaman
megaman2
megamn2a
megaplay
megatack
megatech
megaznik
megazona
megazonb
megazonc
megazone
meijinsn
meikyuh
meosism
mercs
mercsj
mercsu
mercsua
merlinmm
mermaid
metafox
metalb
metalbj
metamrph
metamrpj
metamrpu
meteor
meteorts
metlclsh
metlhawk
metlhwkj
metlsavr
metmqstr
metrocra
metrocrs
mexico86
mf_achas
mf_bdash
mf_brist
mf_flip
mfjump
mfunclub
mgakuen
mgakuen2
mgcldate
mgcldtex
mgcrystj
mgcrystl
mgcrysto
mgion
mgmen89
mgolf
mhavoc
mhavoc2
mhavocp
mhavocrv
mhgaiden
mhhonban
mia
mia2
miaj
midnrun
midres
midresj
midresu
miexchng
mightguy
mightybj
mikie
mikiehs
mikiej
milliped
millpac
mimonkey
mimonsco
mimonscr
minasan
minefld
minesw4p
mineswpr
minferno
minigol2
minigolf
minivadr
mirax
mirninja
misncrft
missb2
missile
missile2
missmw96
missw96
mizubaku
mj4simai
mjanbari
mjangels
mjcamera
mjcamerb
mjchuuka
mjclinic
mjdchuka
mjderngr
mjdialq2
mjdiplob
mjegolf
mjelct3
mjelct3a
mjelctrn
mjfocus
mjfocusm
mjfriday
mjgottsu
mjgottub
mjgtaste
mjhokite
mjifb
mjikaga
mjkinjas
mjkjidai
mjkoiura
mjkojink
mjlaman
mjleague
mjlstory
mjmyster
mjnanpaa
mjnanpas
mjnanpau
mjnatsu
mjnquesb
mjnquest
mjreach1
mjsikakb
mjsikakc
mjsikakd
mjsikaku
mjsister
mjuraden
mjyougo
mjyuugi
mjyuugia
mjzoomin
mk
mk2
mk2chal
mk2r14
mk2r21
mk2r32
mk2r42
mk2r91
mk3
mk3r10
mk3r20
mk4
mkeibaou
mkla1
mkla2
mkla3
mkla4
mkoiuraa
mkprot9
mkr4
mkyawdim
mladyhtr
mmaiko
mmatrix
mmatrixj
mmaulers
mmaze
mmcamera
mmehyou
mmonkey
mmpanic
mmsikaku
mnchmobl
mnight
moegonta
mofflott
moguchan
mogura
mole
momoko
monkeyd
monster2
monsterb
montecar
monymony
monzagp
moo
mooaa
moobl
moonal2
moonal2b
moonaln
moonbase
mooncrgx
mooncrs2
mooncrs3
mooncrsa
mooncrsb
mooncrsg
mooncrst
mooncrsu
moonlght
moonqsr
moonwar
moonwara
mooua
moremore
moremorp
mosaic
mosaica
mosaicf2
mosyougi
motofren
motofrft
motofrmd
motomdft
motorace
motos
mouja
mouser
mouserc
mp_bio
mp_col3
mp_gaxe2
mp_gslam
mp_mazin
mp_soni2
mp_sonic
mp_sor2
mp_twc
mpangj
mpatrol
mpatrolw
mplanets
mplanuk
mquake
mrdo
mrdofix
mrdot
mrdoy
mrdrillr
mrdrilr2
mrdrilrg
mrdu
mrflea
mrgoemon
mrheli
mrjong
mrkougar
mrkougb
mrkougb2
mrkougr2
mrlo
mrokumei
mrtnt
mrviking
mrvikngj
ms4plus
ms5pcb
ms5plus
msbingo
mschamp
mscoutm
msgunda1
msgundam
msh
msha
mshb
mshh
mshj
mshjr1
mshu
mshutlj2
mshuttle
mshuttlj
mshvsf
mshvsfa
mshvsfa1
mshvsfb
mshvsfb1
mshvsfh
mshvsfj
mshvsfj1
mshvsfj2
mshvsfu
mshvsfu1
msisaac
msjiken
mslider
mslug
mslug2
mslug3
mslug3b6
mslug3n
mslug4
mslug5
mslugx
mspacmab
mspacman
mspacmat
mspacmbe
mspacmnf
mspacpls
mspuzzle
mspuzzln
mstadium
mstworld
msword
mswordj
mswordr1
mswordu
mt_aftrb
mt_arrow
mt_astrm
mt_astro
mt_asyn
mt_bbros
mt_beast
mt_cols
mt_crack
mt_eswat
mt_fshrk
mt_gaxe
mt_gaxe2
mt_ggolf
mt_gng
mt_gsocr
mt_kcham
mt_lastb
mt_mwalk
mt_mystd
mt_parlg
mt_revsh
mt_shang
mt_shar2
mt_shnbi
mt_smgp
mt_soni2
mt_sonia
mt_sonic
mt_stbld
mt_stf
mt_tetri
mt_tfor2
mt_tgolf
mt_tlbba
mt_wcsoc
mtetrisc
mtlchamp
mtlchmp1
mtlchmpa
mtlchmpj
mtlchmpu
mtrap
mtrap3
mtrap4
mtwins
mugsmash
multchmk
multchmp
murogem
musobana
mustache
mustang
mustangb
mustangs
mutantf
mutantfa
mutnat
mv4in1
mvp
mvpj
mvsc
mvsca
mvscar1
mvscb
mvsch
mvscj
mvscjr1
mvscu
mwalk
mwalkbl
mwalkj
mwalku
mwarr
mx5000
myangel
myangel2
myangel3
myfairld
myhero
myherok
myqbert
mysticm
mysticri
myststno
mystston
mystwarr
mystwaru
mzrblzra
nagano98
nam1975
nametune
naname
narc
narc3
nastar
nastarw
natodef
natodefa
natsuiro
naughtya
naughtyb
naughtyc
navarone
nbahangt
nbajam
nbajamex
nbajamr2
nbajamt1
nbajamt2
nbajamt3
nbajamte
nbamht
nbamht1
nbanfl
nbapbp
nbashowt
nbbatman
ncombat
ncombata
ncommand
ncv1
ncv1j
ncv1j2
ncv2
ncv2j
nebulray
nebulryj
neckneck
nekkyoku
nemesis
nemesuk
nemo
nemoj
neobattl
neobombe
neocup98
neodrift
neogeo
neomrdo
neruton
nettoqc
netwars
newapunk
newfant
newpuc2
newpuc2b
newpuckx
news
newsa
newsin7
nflfoot
ngpgal
nhidctch
nibbler
nibblera
nibblerb
nibblero
nightlov
nightstr
ninclown
ninja
ninjak
ninjak2a
ninjak2b
ninjakd2
ninjakj
ninjaku
ninjakun
ninjamas
ninjaw
ninjawj
ninjemak
nitd
nitedrvr
nitrobal
niyanpai
nkdodgeb
nmaster
nmg5
nmouse
nmouseb
nmsengen
noahsark
noboranb
nomnlnd
nomnlndg
nost
nostj
nostk
nouryoku
nov2001u
nova2001
nprinces
nprincsb
nprincso
nprincsu
nrallyx
nratechu
nslashej
nslasher
nslashes
nspirit
nspiritj
nss
nss_actr
nss_adam
nss_aten
nss_con3
nss_fzer
nss_lwep
nss_ncaa
nss_rob3
nss_skin
nss_smw
nss_ssoc
nss_sten
nstocker
nsub
ntopstar
numanath
numanatj
nunchaku
nwarr
nwarrb
nwarrh
nyanpani
nycaptor
nyny
nynyg
nzerotea
offroad
offroadc
offroadt
offtwalc
offtwall
ogonsiro
ohmygod
oigas
oisipuzl
ojanko2
ojankoc
ojankohs
ojankoy
ojousan
ojousanm
olds
olds100
olds100a
olibochu
olysoc92
omega
omegaf
omegafs
omegrace
omni
omotesnd
oneshot
onetwo
onna34ra
onna34ro
opaopa
opengol2
opengolf
openice
opwolf
opwolf3
opwolf3u
opwolfb
opwolfu
orangec
orangeci
orbit
orbitron
ordyne
ordynej
orld105k
orld111c
orlegend
orlegndc
orlegnde
orunners
orunneru
oscar
oscarj
oscarj0
oscarj1
osman
otatidai
othellos
othldrby
othunder
othundrj
othundu
othunduo
otonano
otwalls
outfxesj
outfxies
outline
outrun
outrun1
outrun2
outrunb
outzone
outzonea
outzoneb
outzonec
overdriv
overrev
overtop
ozmawar2
ozmawars
ozon1
p47
p47aces
p47j
pacapp
pacapp2
pacappsp
pacgal
pacheart
pachiten
pacland
pacland2
pacland3
paclandm
pacman
pacmanbl
pacmanf
pacmania
pacmanij
pacmod
pacnchmp
pacnpal
pacnpal2
pacplus
paddle2
paddlema
paintlad
paintrlr
pairlove
pairs
pairsa
pairsnb
pairsten
palamed
pandoras
pang
pang3
pang3j
pangb
pangpang
pangpomm
pangpoms
panic
panic2
panic3
panicbom
panicger
panich
panicr
panicstr
paperboy
paperbr1
paperbr2
paradice
paradise
paradlx
parodisj
parodius
pass
passht4b
passsht
passshta
passshtb
passshtj
pastelg
patimono
pbactio2
pbactio3
pbaction
pballoon
pbancho
pbball96
pbchmp95
pbillian
pbillrd
pbillrds
pblbeach
pbobbl2j
pbobbl2n
pbobbl2u
pbobbl2x
pbobbl3j
pbobbl3u
pbobbl4j
pbobbl4u
pbobble
pbobble2
pbobble3
pbobble4
pbobblen
pbobblna
pc_1942
pc_bball
pc_bfght
pc_bstar
pc_cntra
pc_cshwk
pc_cvnia
pc_dbldr
pc_ddrgn
pc_drmro
pc_duckh
pc_ebike
pc_ftqst
pc_gntlt
pc_golf
pc_goons
pc_grdue
pc_grdus
pc_hgaly
pc_kngfu
pc_mario
pc_miket
pc_mman3
pc_moglf
pc_mtoid
pc_ngai2
pc_ngai3
pc_ngaid
pc_pinbt
pc_pwbld
pc_pwrst
pc_radr2
pc_radrc
pc_rcpam
pc_rkats
pc_rnatk
pc_rrngr
pc_rygar
pc_sjetm
pc_smb
pc_smb2
pc_smb3
pc_suprc
pc_tbowl
pc_tenis
pc_tkfld
pc_tmnt
pc_tmnt2
pc_trjan
pc_vball
pc_wcup
pc_wgnmn
pc_ynoid
pcktgal
pcktgal2
pcktgalb
pclubj
pclubjv2
pclubjv4
pclubjv5
pclubys
pclubysa
pdrift
pdrifta
pdriftj
peekaboo
peepshow
peggle
pegglet
penbros
pengo
pengo2
pengo2u
pengo3u
pengo4
pengob
penta
pepper2
percuss
perestrf
perestro
perfrman
perfrmau
pestplce
peterpak
pettanp
pf2012
pfghtj
pgear
pgearr1
pgm
pgoal
phantasm
phantom2
phantoma
phelios
phoenix
phoenix3
phoenixa
phoenixc
phoenixt
photoy2k
phozon
phrcraze
phrcrazs
pickin
pignewt
pignewta
pigout
pigouta
pigskin
pinbo
pinboa
pinbos
pingpong
pipedrm
pipedrmj
pipeline
pipibibi
pipibibs
piranha
piranhah
piranhao
pirates
piratetr
piratpet
pisces
piscesb
pistoldm
pitboss
pitfall2
pitfallu
pitfigh3
pitfigh4
pitfighb
pitfighj
pitfight
pitnrun
pitnruna
pkgnsh
pkgnshdx
pkladiel
pkladies
pkladila
pkscram
pktgaldb
pktgaldj
pktgaldx
pkunwar
pkunwarj
platoon
playball
playch10
plctr13b
plegendj
plegends
pleiadbl
pleiadce
pleiads
plgirls
plgirls2
plottina
plotting
plottinu
plsmaswd
plsmswda
pltkids
pltkidsa
plumppop
plusalph
plygonet
pmroulet
pnickj
pntnpuzl
pnyaa
poitto
poizone
pokio
pokrdice
polaris
polarisa
polepos
polepos1
polepos2
poleposa
poleps2a
poleps2b
policetr
polict10
polict11
pollux
polluxa
polluxa2
polyplay
polystar
pompingw
ponchin
ponchina
ponpoko
ponpokov
pontoon
ponttehk
poolshrk
pootan
pooyan
pooyans
pop_hh
popbingo
popbounc
popeye
popeyebl
popeyef
popeyeu
popflama
popflamb
popflame
popnpop
popnpopj
popnpopu
popper
popspops
porky
portman
portrait
portrata
potogold
potopoto
poundfor
poundfou
pow
powerbal
powerbls
powerdrv
powerina
powerinb
powerins
powernjb
powj
powrplay
ppcar
ppchamp
ppking
ppmast93
prehisle
prehislu
preisle2
prikura
primella
primglex
primrag2
primraga
primrage
prmrsocj
prmrsocr
prmtmfgo
prmtmfgt
profpac
progear
progeara
progearj
progress
promutra
promutrb
promutrv
propcycl
prosoccr
prosport
prtytime
psailor1
psailor2
psarc95
psoldier
pspikes
pspikes2
pspikesb
pspikesk
pstadium
psurge
psychic5
psychos
psychosj
psyforce
psyforcj
psyfrcex
ptblank
ptblank2
ptblnk2a
pturn
puchicar
puchicrj
puckman
puckmana
puckmanf
puckmanh
puckmod
puckpepl
puckpkmn
pulirula
pulirulj
pulsar
pulstar
punchout
punisher
punishrj
punishru
punkshot
punksht2
punkshtj
pururun
pushman
pushmana
pushmans
puyo
puyobl
puyoj
puyoja
puyopuy2
puyosun
puzlbang
puzlclub
puzldama
puzloopj
puzloopk
puzloopu
puzlstar
puzzldpr
puzzledp
puzzlekg
puzzli
puzzli2
puzzloop
puzznic
puzznicj
pwheelsj
pwrgoal
pwrins2j
pwrinst2
pyramid
pyros
pzlbowl
pzloop2j
qad
qadj
qb3
qbert
qberta
qbertjp
qbertqub
qberttst
qbtrktst
qcrayon
qcrayon2
qdrmfgp
qdrmfgp2
qgakumon
qgh
qix
qix2
qixa
qixb
qjinsei
qmhayaku
qndream
qntoond
qntoondo
qrouka
qsangoku
qsww
qtheater
qtono1
qtono2
qtorimon
quantum
quantum1
quantump
quaquiz2
quarterb
quartet
quartet2
quartetj
quarth
quartrba
quartt2j
quasar
quasara
quester
quintoon
quiz
quiz18k
quiz211
quiz365
quiz365t
quizchq
quizchql
quizdai2
quizdais
quizdna
quizf1
quizhq
quizhuhu
quizkof
quizmeku
quizmoon
quizmstr
quizpani
quiztou
quiztvqq
qwak
qzchikyu
qzkklgy2
qzkklogy
qzquest
qzshowby
r2dtank
rabbit
rabiolep
raccoon
racedcb4
racedcg4
racedrb1
racedrb4
racedrc1
racedrc2
racedrc4
racedrcb
racedrcg
racedrg1
racedrg4
racedriv
racedrv1
racedrv2
racedrv3
racedrv4
racedrvb
racedrvc
racedrvg
rachero
racinfrc
racingb
racingj
racingj2
rackemup
racknrol
radarscp
radarzn1
radarznt
radarzon
radikalb
radm
radmu
radr
radrad
radru
raf102j
raflesia
ragnagrd
ragtime
raiden
raiden2
raiden2a
raiden2b
raiden2c
raiden2e
raidena
raidenk
raident
raiders
raiders5
raidndx
raidndxa
raidndxb
raidndxj
raidndxm
raidrs5t
raiga
raimais
raimaisj
rainbow
rainbowe
rainbowo
rallybik
rallys
rallyx
rallyxm
rambo3
rambo3a
rambo3ae
rampage
rampage2
rampart
rampartj
ramprt2p
raphero
rastan
rastanu
rastanu2
rastsag2
rastsaga
raveracj
raveracw
raveraja
rayforce
rayforcj
raystorj
raystorm
razmataz
rbff1
rbff2
rbff2a
rbff2k
rbffspec
rbibb
rbibba
rbmk
rbtapper
rcasino
rchase
rckman2j
rckmanj
rdaction
rdft
rdft2
rdft22kc
rdft2a
rdft2a2
rdft2j
rdft2us
rdftau
rdftdi
rdftj
rdftu
reactor
realbrk
realbrkj
realbrkk
rebus
recalh
recordbr
redalert
redbaron
redclash
redclask
redclsha
redhawk
redhawkb
redlin2p
redrobin
redufo
regulus
reguluso
regulusu
reikaids
relief
relief2
renaiclb
renegade
renju
repulse
rescraid
rescrdsa
rescue
retofin1
retofin2
retofinv
revenger
revx
rezon
rezont
rf2
rfjet
rfjeta
rfjetj
rfjetu
rfjetus
ribbit
ridefgtj
ridefgtu
ridger2a
ridger2b
ridgera2
ridgerac
ridgeraj
ridhero
ridheroh
ridingf
ridleofp
rimrck12
rimrck16
rimrck20
rimrockn
ringdest
ringfgt
ringfgt2
ringkin2
ringkin3
ringking
ringkinw
ringohja
ringrage
ringragj
ringragu
riot
riotcity
ripcord
ripoff
riskchal
rjammer
rmhaihai
rmhaihib
rmhaijin
rmhaisei
rmpgwt
rmpgwt11
roadblc1
roadblcg
roadblg1
roadblg2
roadbls1
roadbls2
roadbls3
roadblsc
roadblsg
roadblst
roadburn
roadedge
roadf
roadf2
roadriot
roadrun1
roadrun2
roadrunn
robby
roboarma
roboarmy
robocop
robocop2
robocopb
robocopj
robocopu
robocopw
robocp2j
robocp2u
robocpu0
robokdj2
robokid
robokidj
robotbwl
robotron
robotryo
robowrb
robowres
rockclim
rockmanj
rockn
rockn2
rockn3
rockn4
rockna
rocknms
rockraga
rockrage
rockragj
rocktrv2
rocnrope
rocnropk
rodland
rodlandj
rodlndjb
rohga
rohga1
rohga2
rohgah
rohgau
roishtar
roldfrga
roldfrog
rollace
rollace2
rollerg
rollergj
rollingc
rompers
romperso
rongrngg
rongrong
rotaryf
rotd
roughrac
rougien
roundup
roundup5
route16
route16a
route16b
routex
royalcdb
royalcrd
royalmah
rpatrolb
rpatrolo
rpunch
rranger
rrreveng
rrrevenp
rsgun
rshark
rthun2
rthun2j
rthunder
rthundro
rtriv
rtype
rtype2
rtype2j
rtypelej
rtypeleo
rtypepj
rtypeu
rugrats
runark
runaway
rundeep
rungun
rungun2
runguna
rungunu
rungunua
rushatck
rushcrsh
rushhero
rvschola
rvschool
rygar
rygar2
rygarj
ryorioh
ryouran
ryujin
ryukendn
ryukyu
ryuuha
s1945
s1945a
s1945ii
s1945iii
s1945j
s1945jn
s1945p
sabotenb
sabotnba
sadari
safari
safarir
sailormn
sailormo
sailorwa
sailorwr
sailorws
saiyugb1
saiyugb2
saiyugou
salamand
salamanj
salmndr2
samesam2
samesame
sams64_2
samsh5sh
samsh5sn
samsh5sp
samsho
samsho2
samsho3
samsho3a
samsho4
samsho5
samsho5b
samsho5h
samurai
samuraia
sandor
sandscra
sandscrp
sarge
sarukani
sassisu
sasuke
satansat
saturn
sauro
savagere
savgbees
sbagman
sbagmans
sbasebal
sbasketb
sbasketo
sbasketu
sbbros
sbdk
sbishi
sbm
sboblbob
sbomberb
sbowling
sbrkout
sbugger
scandal
scandalm
scfinals
schamp
schaser
schasrcv
schmeisr
sci
scia
scion
scionc
sciu
scobra
scobrab
scobras
scobrase
scontra
scontraj
scorpion
scorpnmc
scotrsht
scramblb
scramble
scrambls
scregg
screwloo
scross
scrpiona
sctionza
scud
scuda
scudhamm
scudp
sderby
sdgndmps
sdgndmrb
sdi
sdib
sdibl
sdodgeb
sdtennis
sdungeon
seabass
searchar
searchey
searthia
searthin
seawolf
seawolf2
secolove
secretab
secretag
sectionz
sectrzon
seganinj
seganinu
seicross
seiha
seiham
selfeena
semibase
sengekij
sengekis
sengokh
sengokmj
sengoku
sengoku2
sengoku3
senjyo
senknow
senkyu
senkyua
sentetst
sercharj
sercharu
sextriv
sextriv1
sextriv2
sexyparo
sf
sf2
sf2049
sf2049se
sf2049te
sf2accp2
sf2ce
sf2cej
sf2ceua
sf2ceub
sf2ceuc
sf2eb
sf2hf
sf2j
sf2ja
sf2jc
sf2koryu
sf2m1
sf2m2
sf2m3
sf2m4
sf2m5
sf2m6
sf2m7
sf2rb
sf2rb2
sf2red
sf2t
sf2tj
sf2ua
sf2ub
sf2ud
sf2ue
sf2uf
sf2ui
sf2uk
sf2v004
sf2yyc
sfa
sfa2
sfa3
sfa3b
sfa3r1
sfar1
sfar2
sfar3
sfau
sfchamp
sfchampj
sfex
sfex2
sfex2a
sfex2j
sfex2p
sfex2pa
sfex2pj
sfexa
sfexj
sfexp
sfexpj
sfexpu1
sfiii
sfiii2
sfiii3
sfish2
sfish2j
sfjp
sflush
sfootbal
sformula
sfp
sfposeid
sfrush
sfrushrk
sftm
sftm110
sftm111
sftmj
sfus
sfx
sfz2a
sfz2aa
sfz2ab
sfz2ah
sfz2aj
sfz2b
sfz2br1
sfz2h
sfz2j
sfz2n
sfz3a
sfz3ar1
sfz3j
sfz3jr1
sfz3jr2
sfza
sfzb
sfzbr1
sfzh
sfzj
sfzjr1
sfzjr2
sgemf
sgemfa
sgemfh
sgladiat
sgmast
sgmastc
sgmastj
sgt24h
sgunner
sgunner2
sgunnerj
sgunnr2j
shackled
shadfrce
shadowld
shadoww
shadowwa
shangha2
shangha3
shanghai
shangkid
shangnle
shangon
shangon1
shangon2
shangon3
shangupb
shanhigw
shaolins
sharkatt
sharrier
sharrirb
shdancbl
shdance1
shdancej
shdancer
sheriff
shienryu
shimpacp
shimpact
shinobi
shinobi1
shinobi2
shinobi3
shinobi4
shinobl
shippumd
shiryu2
shisen
shisen2
shngmtkb
shocking
shocktr2
shocktra
shocktro
shogwarr
shollow
shollow2
shootbul
shootgal
shootoub
shootouj
shootout
shougi
shougi2
showdown
shpeng
shrike
shtngmst
shtrider
shtridra
shuffle
shufshot
shuttlei
shuuz
shuuz2
sia2650
sichuan2
sichuana
sicv
sidearjp
sidearmr
sidearms
sidebs
sidebs2
sidepckt
sidepctb
sidepctj
sidetrac
silentd
silentdj
silkroad
silkworm
silkwrm2
silvland
simpbowl
simps2pa
simps2pj
simps4pa
simpsn2p
simpsons
sindbadm
sinista1
sinista2
sinistar
sinvasn
sinvasnb
sinvemag
sinvzen
sisv
sisv2
sitv
sjryuko
sjryuko1
skelagon
skiltrek
skingam2
skingame
skisuprg
skns
skullfng
skullxb1
skullxb2
skullxb3
skullxb4
skullxbo
skyadvnj
skyadvnt
skyadvnu
skyalert
skyarmy
skybase
skybump
skychut
skydiver
skyfox
skykid
skykidd
skykiddo
skykiddx
skykido
skylance
skylancr
skyraid
skyraidr
skyshark
skyskipr
skysmash
skysoldr
skytargt
skywolf
skywolf2
slamdnk2
slammast
slammasu
slapbtjp
slapbtuk
slapfgtr
slapfiga
slapfigh
slapshot
sliksh16
sliksh17
slikshot
slipstrm
slither
slithera
sliver
slmdunkj
slotsnl
slrasslt
sltblgp1
sltblgpo
sltblgtk
slyspy
slyspy2
smashtv
smashtv4
smashtv5
smashtv6
smbomb
smbombr1
smgolf
smgolfb
smgolfj
smgp
smgp5
smgp6
smgpj
smgpu
smgpu1
smgpu2
smgpu3
smleague
smooncrs
snakepit
snakjack
snapjack
snapper
sncwgltd
sngkace
snowbalt
snowboar
snowbro2
snowbro3
snowbroa
snowbrob
snowbroc
snowbroj
snowbros
socbrawl
soccer
soccersa
soccersj
soccerss
sokonuke
sokyugrt
solarfox
solarq
solarwar
soldamj
soldivid
solfight
solfigtr
solomon
solvalou
sonic
sonicbom
sonicp
sonicwi
sonicwi2
sonicwi3
sonofphx
sonson
sonsonj
sos
sotsugyo
soukobdx
soulclba
soulclbb
soulclbc
soulclbr
souledga
souledgb
souledgc
souledge
spacbatt
spacbeam
spacduel
spaceat2
spaceatt
spacebrd
spacecho
spacecr
spacedem
spacedx
spacedxj
spacedxo
spacefb
spacefbb
spacefbg
spacefev
spacefrt
spaceftr
spacefva
spaceg
spacegun
spaceinj
spaceint
spacelnc
spaceod
spaceph
spaceplt
spaceskr
spacetrk
spacewar
spacewr3
spacezap
spacfura
spacfury
spang
spangj
sparkman
sparkz
spartanx
spatter
spbactn
spbactnj
spceking
spcenctr
spcewarl
spcewars
spcforc2
spcforce
spcfrcii
spcinv95
spcinvdj
spcking2
spclaser
spclforc
spclorda
spclordb
spclordg
spclords
spcnv95u
spcpostn
spctbird
spdball
spdcoin
spdodgeb
speakres
spec2k
spectar
spectar1
speedatk
speedbal
speedfrk
speedrcr
speedspn
speedup
speglsha
speglsht
spelnkrj
spelunk2
spelunkr
spf2t
spf2ta
spf2xj
spiders
spiders2
spidman
spidmanu
spiero
spikeofe
spikeout
spiker
spinlbrj
spinlbrk
spinlbru
spinmast
spinner
splash
splash10
splat
splattej
splatter
splndrbt
spnchotj
spnchout
spool3
spool3i
sprcros2
sprcrs2a
sprglbpg
sprglobp
springer
sprint1
sprint2
sprint2a
sprint4
sprint4a
sprint8
sprint8a
sprmatkd
sprtmtch
sptrekct
spy
spyhnt2a
spyhunt
spyhunt2
spyu
sqbert
sqix
sqixa
sqixbl
squash
sraider
srally2
srallyc
sraly2dx
sranger
srangerb
srangerw
srdarwin
srdarwnj
srdmissn
srmp2
srmp3
srmp4
srmp4o
srmp5
srmp6
srmp7
srumbler
srumblr2
ssanchan
sscandal
sscope
sscope2
sscopea
ssf2
ssf2a
ssf2ar1
ssf2j
ssf2jr1
ssf2jr2
ssf2t
ssf2ta
ssf2tb
ssf2tbj
ssf2tbr1
ssf2tu
ssf2tur1
ssf2u
ssf2xj
ssfindo
sshangha
sshanghb
sshoot11
sshoot12
sshooter
sshot137
sshot139
ssi
ssideki
ssideki2
ssideki3
ssideki4
ssingles
sslam
sslama
ssmissin
ssoldier
ssozumo
sspacaho
sspacat2
sspacat3
sspacatc
sspaceat
sspeedr
sspiritj
sspirits
sspirtfc
sspring1
ssprint
ssprint1
ssprint3
ssprintf
ssprintg
ssprints
ssrdrabd
ssrdradd
ssrdreaa
ssrdrebc
ssrdrebd
ssrdrjbd
ssrdruac
ssrdrubc
ssrdruda
ssriders
ssrj
sss
sstarbtl
sstingry
sstrangr
sstrike
sstriker
sstrikra
sstrngr2
stactics
stadh96a
stadhero
stadhr96
stagger1
stakwin
stakwin2
stankatk
starblad
starcas
starcas1
starcase
starcasp
starcrus
starfght
starfigh
starfir2
starfira
starfire
starforc
starfore
stargate
starglad
stargld2
stargrds
starhawk
starjack
starjacs
starlstr
starshp1
starshpp
starspnr
starswep
startrek
startrgn
startrkd
starw
starwar1
starwars
statriv2
statriv4
stcc
stdragon
steelta1
steeltag
steeltal
steeltap
stellcas
stepstag
stfight
stfighta
stg
stinger
stinger2
stkclmnj
stkclmns
stlforce
stmblade
stocker
stoffy
stompin
stoneage
stoneba2
stonebal
storming
strahl
strahla
stratab
stratab1
stratgys
stratgyx
stratof
stratvox
streakng
streets1
streetsj
streetsm
streetsw
strfbomb
strhoop
strider
strider2
striderj
stridr2a
stridrja
stridrua
striv
strkfgtr
strkforc
strkzone
strnskil
strtdriv
strtheat
strvmstr
stunrn2e
stunrn3e
stunrun
stunrun0
stunrun2
stunrun3
stunrun4
stunrun5
stunrune
stunrunj
stunrunp
stvbios
subhunt
subroc3d
subs
sucasino
suchipi
suikoenb
sundance
sunsetbl
supbtime
supbtimj
supdrapo
superbik
superbon
superbug
superchs
superg
supergx
superinv
superman
superpac
superpcm
superspy
supertnk
supertr2
supertr3
superx
superxm
suplup
supmodel
supnudg2
suprglob
suprgolf
suprleag
suprloco
suprmanj
suprmatk
suprmous
suprmrio
suprridr
suprslam
suprtrio
supxevs
suratk
suratka
suratkj
surfplnt
survarts
survartu
survival
susume
sutapper
suzuk8h2
suzuk8hj
suzuka8h
suzume
svc
svcboot
svcpcb
svcpcba
svcplus
svcplusa
svcsplus
svf
svolley
svolleyk
svolleyu
svolly91
svs
swa
swarm
swat
swcourt
swcourtj
swimmer
swimmera
swimmerb
sws
sws92
sws92g
sws93
sws95
sws96
sws97
sws99
swtrilga
swtrilgy
sxevious
sxyreac2
sxyreact
syvalion
szaxxon
tacscan
tactcan2
tactcian
tagteam
tail2nos
tailg
taitofx1
taitogn
taiwanmb
talbot
tangtang
tank8
tank8a
tank8b
tank8c
tank8d
tankbatt
tankbust
tankfrce
tankfrcj
tantr
tantrbl
tantrbl2
tantrkor
taotaida
taotaido
tapper
tappera
targ
targc
targeth
tarzan
tattack
tattass
tattassa
taxidrvr
tazmani2
tazmania
tazzmang
tbowl
tbowlj
tbyahhoo
tceptor
tceptor2
tcl
tcobra2
tcobra2u
tdfever
tdfever2
tdfeverj
tdragon
tdragon2
tdragonb
teamqb
teamqb2
techromn
techromu
tecmowcm
teddybb
teddybbo
teedoff
tehkanwc
tekipaki
tekken
tekken2
tekken2a
tekken2b
tekken3
tekken3a
tekken3b
tekkena
tekkenb
tekkenc
tektagt
tektagta
tektagtb
tektagtc
teljan
telmahjn
tempest
tempest1
tempest2
tempest3
temptube
tengai
tenkomoj
tenkomor
tenthdeg
teplus2j
term2
term2la1
term2la2
terracra
terracrb
terracre
terraf
terrafu
tetris
tetris1
tetris2
tetris3
tetrisbl
tetrisp
tetrisp2
tetrisse
tetrist
tetrista
tetrsark
tfrceac
tfrceacb
tfrceacj
tgmj
tgtball
tgtballa
tharierj
tharrier
thedeep
theend
theends
theglad
theglob
theglob2
theglob3
theglobp
thegrid
thehand
thehustj
thehustl
themj
thepit
thepitb
thepitc
thetogyu
thief
thndblst
thnderxa
thnderxb
thnderxj
thndfoxj
thndfoxu
thndrbdj
thndrbld
thndrx2
thndrx2a
thndzone
thoop
thoop2
thrilld
thunderh
thunderj
thunderl
thunderx
thundfox
thunt
tickee
tictac
tigerh
tigerh2
tigerhb1
tigerhb2
tigerhj
tigeroad
tigerodb
timber
timecris
timecrs2
timecrsa
timek131
timekill
timelimt
timeplt
timeplta
timepltc
timesca1
timescan
timesol1
timesold
timetunl
tinklpit
tinstar
tinv2650
tiptop
titlef
titlefu
tkdensho
tkmmpzdm
tknight
tkoboxng
tmek
tmekprot
tmht
tmht2p
tmmjprd
tmnt
tmnt2
tmnt22p
tmnt2a
tmnt2pj
tmnt2po
tmntj
tmntu
tmntua
tndrcade
tndrcadj
tnexspce
tnk3
tnk3j
tnzs
tnzsj
tnzso
todruaga
todruago
toffy
toggle
toki
tokia
tokib
tokij
tokimbsj
tokio
tokiob
tokiou
tokisens
tokiu
tokkae
tokyogal
tomahaw5
tomahawk
tondemo
tontonb
toobin
toobin1
toobin2
toobin2e
toobine
toobing
topgun
topgunbl
topgunnr
topgunr
tophunta
tophuntr
topland
toppyrap
topracer
topracra
topracrb
toprollr
topsecex
topsecrt
topshoot
topskatr
topspedu
topspeed
toramich
toratora
torid2gg
toride2g
tornado1
tornado2
tornbase
torus
toryumon
totcarn
totcarnp
totlvice
touchgo
touchgoe
touchgon
tourtab2
tourtabl
toutrun
toutrun1
toutrun2
toypop
tp2m32
tp84
tp84a
tp84b
tpgolf
tps
trackflc
trackfld
trailblz
trally
tranqgun
transfrm
travrusa
trckydca
trckydoc
treahunt
tricktrp
trigon
triothej
triothep
triplep
triplew1
triplew2
triplfun
triplhnt
tripool
tripoola
trisport
triviabb
triviaes
triviag1
triviag2
triviasp
triviayp
trivquiz
troangel
trog
trog3
trogp
trogpa6
trojan
trojanj
trojanr
tron
tron2
tron3
tron4
trstar
trstarj
trstaro
trstaroj
truco
trucocl
truxton
truxton2
trvchlng
trvgns
trvmstr
trvmstra
trvquest
trvwhzha
trvwhzho
trvwhzii
trvwhziv
trvwhzva
trvwhzve
tryout
ts2
ts2j
tsamura2
tsamurai
tshingen
tshingna
tshoot
tst_galx
tst_invd
tstrike
tstrikea
ttchamp
ttchampa
ttmahjng
tturf
tturfbl
tturfu
tubeit
tubep
tugboat
tumbleb
tumbleb2
tumblep
tumblepj
tunhunt
tunhuntc
turbo
turboa
turbob
turbofrc
turbosub
turbotag
turfmast
turnover
turpin
turtles
turtshik
turtship
tutankhm
tutankst
tutstomb
twcup98
twinactn
twinbee
twinbrat
twincobr
twincobu
twineag2
twineagl
twinfalc
twinhawk
twinhwku
twinkle
twinqix
twins
twinspri
twinsqua
twocrude
twotiger
twotigrc
twrdc94a
twrldc94
tws96
tx1
tx1a
tylz
typhoon
uballoon
uccops
uccopsj
uchuuai
uecology
ufosensb
ufosensi
ultennis
ultraman
ultramhm
ultratnk
ultrax
umanclub
umk3
umk3r10
umk3r11
undoukai
undrfire
undrfirj
undrfiru
uniwars
unkmeyco
unsquad
untoucha
uopoko
uopokoj
upndown
upndownu
upscope
upyoural
urashima
usclssic
usg182
usg185
usg252
usg32
usg82
usg83
usg83x
usvsthem
utoukond
valkyrie
valtric
vamphalf
vampj
vampja
vampjr1
vandyja2
vandyjal
vandyke
vangrd2
vangrdce
vanguard
vanguarj
vanilla
vanvan
vanvanb
vanvank
vaportra
vaportrp
vaportru
vaportrx
varth
varthj
varthr1
varthu
vasara
vasara2
vasara2a
vastar
vastar2
vautour
vautour2
vball
vball2pj
vblokbrk
vbowl
vbowlj
vcircle
vcop
vcop2
vendet2p
vendetao
vendetas
vendetta
vendettj
vendtaso
venture
venture2
venture4
venus
vf
vf2
vf2b
vf2o
vf3
vf3tb
vfive
vfkids
vformula
vfremix
vgoalsca
vgoalsoc
vhunt2
vhunt2r1
vhuntj
vhuntjr1
vhuntjr2
victlapw
victnine
victorba
victory
victroad
videopin
vidvince
viewpoin
vigilant
vigilntj
vigilntu
vimana
vimana1
vimanan
vindc2r1
vindc2r2
vindctr2
vindice3
vindice4
vindict1
vindict2
vindict4
vindicte
vindictg
vindictr
viofight
viofighu
viostorm
viostrma
viostrmj
viostrmu
vipclub
viper
viprp1
viprp1o
viprp1ot
viprp1s
vitaminc
vliner
vlinero
vmahjong
vmetal
vmetaln
volfied
volfiedj
volfiedu
von
von2
von254g
vonusa
vp906iii
vpool
vr
vroulet
vs2
vs215
vs298
vs29815
vs299
vs2v991
vsav
vsav2
vsava
vsavh
vsavj
vsavu
vsbbalja
vsbbaljb
vsbball
vsbballj
vsfdf
vsgongf
vsgradus
vsgshoe
vshoot
vsmahjng
vsnetscj
vsnetscr
vspinbal
vspinblj
vsskykid
vsslalom
vssoccer
vstennij
vstennis
vstetris
vstriker
vstrikra
vsyard
vsyard2
vulcan
vulgus
vulgus2
vulgusj
wacko
wakuwak7
wallc
wallca
wallst
wanted
wardner
wardnerj
warfa
wargods
warlords
warofbug
warpwar2
warpwarp
warpwarr
warrior
warriorb
warzard
waterski
watrball
wb3
wb31
wb32
wb33
wb34
wb3bbl
wbbc97
wbdeluxe
wbeachv2
wbeachvl
wbml
wbmlb
wbmljb
wbmljo
wboy
wboy2
wboy2u
wboy3
wboyo
wboysys2
wboyu
wc90
wc90a
wc90b
wc90t
wcatcher
wcbowl
wcbowldx
wcbwl12
wcbwl140
wcbwl161
wcbwl165
wcvol95
wecleman
weddingr
welltrij
welltris
weststry
wexpresb
wexpresc
wexpress
wfortuna
wfortune
wg3dh
wgp
wgp2
wgpj
wgpjoy
wgpjoya
wh1
wh1h
wh2
wh2j
wheelfir
whizz
whodunit
whoopee
whp
wiggie
wildfang
wildplt
willow
willowj
willowje
wilytowr
windheat
wingwar
wingwara
wink
winka
winrun
winrun91
winspike
winspikj
wintbob
winterht
wiping
wiseguy
witch
wits
wiz
wizdfire
wizt
wizwarz
wizzquiz
wizzquza
wjammers
wldarrow
wldcourt
wmatch
wndrmomo
wndrplnt
wof
wofa
wofj
wofu
wolfpack
wonder3
wondstck
woodpek
woodpeka
worldwar
wotw
wotwc
wow
wpksoc
wrally
wrally2
wrallya
wrecking
wrestwa1
wrestwa2
wrestwar
wrofaero
ws
ws89
ws90
wseries
wsf
wtennis
wwallyj
wwallyja
wwester1
wwestern
wwfmania
wwfsstaa
wwfsstaj
wwfsstar
wwfsstau
wwfwfest
wwfwfsta
wwfwfstb
wwfwfstj
wwjgtin
xday2
xenophob
xevi3dg
xevios
xevious
xeviousa
xeviousb
xeviousc
xexex
xexexa
xexexj
xfiles
xmcota
xmcotaa
xmcotah
xmcotaj
xmcotaj1
xmcotajr
xmcotau
xmen
xmen2p
xmen2pj
xmen6p
xmen6pu
xmultipl
xmvsf
xmvsfa
xmvsfar1
xmvsfb
xmvsfh
xmvsfj
xmvsfjr1
xmvsfjr2
xmvsfr1
xmvsfu
xmvsfur1
xorworld
xsleena
xsleenab
xtheball
xxmissio
xybots
xybots0
xybots1
xybotsf
xybotsg
xymg
xyonix
yachtmn
yamagchi
yamato
yamato2
yamyam
yanchamr
yankeedo
yard
yarunara
yellowcb
yesnoj
yiear
yiear2
yokaidko
yosakdoa
yosakdon
yosimoto
youjyudn
youkaidk
youma
yujan
yuka
yumefuda
yuyugogo
zaryavos
zarzon
zaviga
zavigaj
zaxxon
zaxxon2
zaxxonb
zedblade
zektor
zero
zerogun
zeroguna
zerogunj
zerohour
zeropnt
zeropnt2
zeropnta
zeroteaa
zeroteab
zeroteam
zerotime
zerotrgt
zerowing
zerozone
zigzag
zigzag2
zingzip
zintrckb
zipzap
znpwfv
zoar
zodiack
zombraid
zookeep
zookeep2
zookeep3
zoom909
zunkyou
zupapa
zwackery
zzyzzyx2
zzyzzyxx
