2020bb
2020bba
2020bbh
3countb
alpham2
androdun
aodk
aof
aof2
aof2a
aof3
bakatono
bangbead
bjourney
blazstar
breakers
breakrev
bstars
bstars2
burningf
burningh
crsword
cthd2003
cthd2003sp
ctomaday
cyberlip
doubledr
eightman
fatfursa
fatfursp
fatfury1
fatfury2
fatfury3
fbfrenzy
fightfev
fightfva
flipshot
galaxyfg
garou
garoup
ghostlop
goalx3
gowcaizr
gpilots
gururin
janshin
jockeygp
joyjoy
kabukikl
karnovr
kizuna
kof10thu
kof2000n
kof2001n
kof2002
kof2003
kof2003a
kof2003b
kof2k1rp
kof2k2
kof2k2pls
kof2k4es
kof94
kof95
kof95a
kof96
kof96h
kof97
kof97a
kof97pls
kof98
kof98k
kof98n
kof99
kof99p
kog
kotm
kotm2
kotmh
lastblad
lastbld2
lastblda
lbowling
legendos
lresort
magdrop2
magdrop3
maglord
maglordh
mahretsu
marukodq
miexchng
minasan
mosyougi
mslug
mslug2
mslug3
mslug3n
mslug4
mslug5
mslug5nd
mslugx
mutnat
nam1975
ncombat
ncombata
ncommand
neobombe
neocup98
neodrift
neomrdo
neopong
ninjamas
nitd
overtop
panicbom
pbobbl2n
pbobble
pbobblen
pbobblna
pgoal
pim
pochi
popbounc
preisle2
pspikes2
pulstar
puzzldpr
puzzledp
quizdai2
quizdais
quizkof
ragnagrd
rbff1
rbff2
rbff2a
rbffspec
ridhero
ridheroh
roboarma
roboarmy
rodd
s1945p
samsho
samsho2
samsho3
samsho3a
samsho4
samsho5
samsho5sp
savagere
sdodgeb
sengokh
sengoku
sengoku2
sengoku3
shocktr2
shocktra
shocktrj
shocktro
socbrawl
sonicwi2
sonicwi3
spinmast
ssideki
ssideki2
ssideki3
ssideki4
ssvsp
stakwin
stakwin2
strhoop
superspy
svcplus
tophunta
tophuntr
tpgolf
trally
turfmast
twinspri
tws96
viewpoin
wakuwak7
wh1
wh1h
wh2
wh2j
whp
wjammers
zedblade
zintrckb
zupapa
