ecofghta
ecofghtu
eggvent7
eggvntdx
ehrgeiza
einnings
elecyoy2
elevatob
emerldaa
espradeo
excitbkj
exctscca
exctsccb
exerizrb
exprrada
falcona
fantlnda
fantzon1
fatfursa
faxa
ffantasa
fghthsta
fghthstu
fightfva
finalapc
finalapd
finalapo
finalizb
finalp2j
finalp3j
finfrl2j
finlapjb
finlapjc
firetpbl
fitegol2
fixeighb
flameguj
flashgla
flowerbl
fntsia2a
freekckb
froggrmc
frogseg1
frogseg2
ftsoccer
funkyjej
gaiapolj
gaiapolu
galag88j
galaxiaj
galmidw
galmidwo
galpania
galpanib
galxwar2
galxwart
gangwarb
garouo
gatedom1
gaun22p1
gaun22pg
gaun2pg1
gaun2pj2
gaun2pr3
gaunt2p
gaunt2pg
gaunt2pj
gauntd24
gauntg
gauntgr3
gauntgr6
gauntgr8
gauntj
gauntj12
gauntl12
gauntr1
gauntr2
gauntr4
gauntr5
gauntr7
gauntr9
gaunts
gekirido
gepoker3
getstarb
gigandsj
gingania
glass10a
glfgretj
glprac2j
glprac2l
gogomilj
goindolj
goldmeda
goldmedb
goldnabl
goldnax1
goldnax2
goldnax3
goldnaxj
goldnaxu
gp500
gpan2qiz
gprider1
gravitr2
grdius2a
grdius2b
grdius3a
grdius3e
grindsta
grtwall
gt102b
gt102c
gt102c1
gt102c2
gt102c3
gt103
gt103a
gt103a2
gt103a3
gt5
gtclassp
gtcls100
gtstarba
gulfstr2
gunbulet
gundeala
gundealt
gunforcj
gunforcu
gunfronj
gunsmoka
gunsmokj
gunsmoku
gwinga
gwingj
gyrodinc
harddrb5
harddrb6
harddrc1
harddrcb
harddrcg
harddrg4
harddrj6
harddrv1
harddrv2
harddrv3
harddrvb
harddrvc
harddrvg
harddrvj
harddunj
hardhedb
hardyd10
hdrivaip
helifira
hellfir1
hfh
highspla
hiimpac3
hiimpacp
hitnmis2
hstenn10
hthro95u
hyperpcb
hyprdelj
hyprolyb
iceclmbj
iceclmrj
ikari3nr
indytem2
indytem3
indytem4
indytemd
intrepi2
invasn
invrvnga
jackrab2
jackrabs
jojobaa
jolycdcr
jspectr2
jumpcoat
jumpshtp
junglhbr
junglkj2
junofstg
kagekia
kaiserkj
kaiteik
kangaroa
kangarob
karatblj
karatblu
kicka
kikcubib
killbldt
kingbalj
kinst2k
knckhedj
kodure
kof95a
kof97a
kof98n
kof99a
kof99n
kovj
kungfud
kuniokub
kurikina
kurikinj
kurikinu
kyukaido
labyrunk
landmkrp
laserbsa
lastblda
lastbrnj
lastfero
lastforg
lastmsnj
lastmsno
lckywldj
ldrun3jp
legionnu
lethalej
lgtnfghu
liberat2
liberatb
lifefrcj
loderdfa
loopinga
losttmbh
lstduela
lstduelb
ltcasin2
lwingsjp
machridj
magicbua
magiccrd
mainev2p
makaimuc
makaimug
mariojp
marvlanj
mating
matinga
mblkjack
mchampda
megab
megabj
megamn2a
megaznik
megazona
megazonb
megazonc
mercsua
metamrpj
metamrpu
metlhwkj
metrocra
mgcrystj
mgcrysto
minesw4p
minigol2
mjnquesb
mk2r32
monster2
moo
mooaa
moobl
mooncrsa
mooncrsg
mooncrsu
mooua
motofrft
motofrmd
motomdft
mplanuk
mrkougr2
mrvikngj
msgunda1
mshutlj2
mshuttlj
mslug3n
mspuzzln
mtlchmp1
mtlchmpa
mtlchmpj
mtlchmpu
multchmk
mutantfa
myststno
mystwaru
mzrblzra
naughtya
naughtyc
nbajamt1
nbajamt2
nbajamt3
ncombata
nebulryj
nemesuk
nibblera
nibblerb
ninjak2a
ninjak2b
noboranb
nov2001u
nprincsb
nprincso
nprincsu
nslashej
nslashes
numanatj
nzerotea
offtwalc
onna34ra
opengol2
orld105k
orld111c
orlegndc
orlegnde
orunneru
oscarj
oscarj0
othundrj
othundu
othunduo
outfxesj
outrun1
outrun2
ozmawar2
pacland2
pacland3
pacmanij
pangpomm
paperbr1
paperbr2
parodisj
pbactio2
pbactio3
pbobbl2j
pbobbl2u
pbobbl2x
pbobbl3j
pbobbl3u
pbobbl4j
pbobbl4u
pbobblna
perestrf
perfrmau
phrcrazs
pipibibi
pitfallu
pitfigh3
pitfigh4
pitfighb
pitfighj
pkladiel
pkladila
pktgaldb
pktgaldj
plctr13b
plegendj
plottina
plottinu
plsmswda
pmroulet
poleps2a
poleps2b
polict10
polict11
popflama
popflamb
portrata
poundfou
powerbls
powerina
powerinb
powernjb
prehislu
primraga
prmrsocj
prmtmfgo
promutra
promutrb
psyforcj
psyfrcex
ptblnk2a
puchicrj
pulirulj
punishrj
punishru
punksht2
punkshtj
puzloopj
puzloopk
puzloopu
pwrins2j
qbertjp
qtono2
quartetj
quartrba
quartt2j
racedcb4
racedcg4
racedrb1
racedrb4
racedrc1
racedrc2
racedrc4
racedrcb
racedrcg
racedrg1
racedrg4
racedrv1
racedrv2
racedrv3
racedrv4
racedrvb
racedrvc
racedrvg
radarzn1
radarznt
raf102j
raidndx
raidndxa
raidndxb
raidndxj
raidndxm
raidrs5t
rainbow
rainbowe
rainbowo
rambo3a
rambo3ae
ramprt2p
rastanu2
raveraja
rayforcj
raystorj
rbff2a
rckman2j
rckmanj
rdftdi
redclask
redclsha
rescrdsa
retofin1
retofin2
rfjetus
ridefgtj
ridefgtu
ridger2a
ridger2b
ridgeraj
rimrck12
rimrck16
rimrck20
ringkin2
ringkin3
ringkinw
ringragj
ringragu
roadblc1
roadblcg
roadblg1
roadblg2
roadbls1
roadbls2
roadbls3
roadblsc
roadblsg
roadrun1
roadrun2
roboarma
robocp2j
robocp2u
robocpu0
robokdj2
robotryo
robowrb
rockraga
rockragj
rocnropk
rodlndjb
roldfrga
rongrngg
royalcdb
rpatrolo
rrrevenp
rthundro
rtypelej
rtypepj
rvschola
sabotnba
sailormo
saiyugb1
saiyugb2
salamanj
samesam2
samsh5sh
samsh5sn
samsho3a
sandscra
sassisu
saturn
sbasketo
sbasketu
sbomberb
schasrcv
scorpnmc
scrambls
scrpiona
sctionza
scudp
sdgndmrb
searthia
seganinu
sengekij
sengokh
sercharj
sercharu
sf2cej
sf2t
sf2tj
sfa3r1
sfjp
sfus
sfz2aa
sfz2ab
sfz2ah
sfz2aj
sgunnr2j
shangnle
shangupb
sharrirb
shdance1
shdancej
shimpacp
shinobl
shocktra
shootoub
shootouj
shtridra
sichuana
sidearjp
sidearmr
sidepctb
sidepctj
silkwrm2
simps2pa
simps2pj
simps4pa
simpsn2p
sinista1
sinista2
skiltrek
skingam2
skullxb1
skullxb2
skullxb3
skullxb4
skyadvnj
skyadvnu
skykiddo
skylance
slammasu
slapbtjp
slapbtuk
slapfgtr
slapfiga
sliksh16
sliksh17
smgpu3
snowbalt
snowbro3
snowbroa
snowbrob
snowbroc
snowbroj
soccersa
soccersj
soulclba
soulclbb
soulclbc
souledga
souledgb
souledgc
spacefva
spaceinj
spacfura
spclorda
spclordb
spclordg
spcnv95u
speglsha
spelnkrj
spinlbrj
spinlbru
splattej
spnchotj
sprcrs2a
sprmatkd
sptrekct
spyhnt2a
sqixa
sqixbl
sraly2dx
srdarwnj
srumblr2
sshanghb
sshoot11
sshoot12
sshot137
sshot139
sspacat2
sspacat3
sspacatc
sspring1
ssrdrabd
ssrdradd
ssrdreaa
ssrdrebc
ssrdrebd
ssrdrjbd
ssrdruac
ssrdrubc
ssrdruda
sstrikra
sstrngr2
stadh96a
stankatk
starfira
starfore
starjacs
starwar1
steelta1
steeltag
steeltap
stkclmnj
stoneba2
streets1
streetsj
streetsw
stridr2a
stridrja
stridrua
stunrn2e
stunrn3e
sunsetbl
supbtimj
superpcm
suprmanj
survartu
suzuk8hj
swtrilga
tactcan2
tankfrcj
taotaida
taxidrvr
techromu
tekken2a
tekken2b
tekken3a
tekken3b
tekkena
tekkenb
tekkenc
tektagta
tektagtb
tektagtc
tenkomoj
teplus2j
terracra
terracrb
tharierj
thehustj
thepitb
thepitc
thnderxa
thnderxb
thnderxj
thndfoxj
thndfoxu
thndrbdj
tigerh2
tigerodb
timecrsa
timek131
timesca1
timesol1
tmekprot
tmnt22p
tndrcadj
tnexspce
todruago
tokij
tomahaw5
tophunta
topracra
topracrb
topspedu
torid2gg
trackflc
trckydca
triothej
trogp
trvwhzha
trvwhzho
trvwhzii
trvwhziv
trvwhzva
trvwhzve
tsamura2
tshingna
turnover
turtshik
tutankst
twincobu
twinhwku
twotigrc
twrdc94a
tx1a
ufosensb
undrfirj
undrfiru
unkmeyco
vandyja2
vandyjal
vangrdce
vanguarj
vaportrp
vaportru
vautour2
vendet2p
vendetao
vendetas
vendettj
vendtaso
vigilntj
vigilntu
vindc2r1
vindc2r2
vindice3
vindice4
vindict1
vindict2
vindict4
vindicte
vindictg
viofighu
viostrma
viostrmj
viostrmu
viprp1o
vonusa
vp906iii
vsbbalja
vsbbaljb
vsnetscj
vspinblj
vstennij
vstrikra
vsyard
vsyard2
vulgus2
warpwar2
warpwarr
wbeachv2
wcbwl12
wcbwl140
wcbwl161
wcbwl165
welltrij
wexpresb
wexpresc
wexpress
wfortuna
willowje
wingwara
winspikj
wizzquza
woodpek
woodpeka
wrestwa1
wrestwa2
wwester1
wwfsstaa
wwfsstaj
wwfsstau
wwfwfsta
wwfwfstb
wwfwfstj
xmen2p
yard
yellowcb
yokaidko
yosakdoa
zeroteaa
zeroteab
zzyzzyx2
donpacjp
donpackr
hedpanif
hellfir2
quart2
quart21
ryukenda
sfach
720b
alexkida
aliensya
aliensyb
aliensyj
ark2jp
ark2us
arkanoi2
astorm2p
auraila
bayrouta
bermudaj
bullfgtj
cameltru
canbprot
centipb2
destderb
destderm
digdug2a
dkjrbl
dkjrjp
dkngjrjp
dkongjpo
dwj
earthinv
espiale
fantzono
flicky2
galag88b
galaga84
galagab2
galagads
galaxb
gauntir1
gauntir2
ghoulsj
goldnaxa
goldnaxb
goldnaxc
gunsmrom
hcastlea
jyuohki
lastmiss
lastmss2
mainevt2
mappyjp
marblea
monwar2a
moonwalk
moonwar2
moonwlka
moonwlkb
mranger
mrvikinj
mspacatk
myheroj
navalone
nbamaxht
nebulbee
npacmod
outruna
outzonep
pacmanjp
pacmanm
panica
poleps2c
popeye2
puzbobb
qwakprot
sdioj
sf1
sf1jp
sf1us
sf2a
sf2b
sf2cea
sf2ceb
sf2e
sf2jb
sfeverbw
shangonb
shdancrj
shinobia
shinobib
stratvxb
superqix
suprmou2
surpratk
tatsujn2
tetrisa
timscanr
tnzs2
tnzsb
todruagb
toki2
toki3
toobinp
tumblep2
tumblepb
vanvans
vendett2
vimana2
warlord
wb3a
wb3bl
wbmlj
wbmlj2
wbmlju
wboy4u
cthd2003sp
kof10thu
kof2001n
kof2003a
kof2003b
kof2k1rp
kof2k2
kof2k2pls
kof2k4es
mslug5nd
neopong
pim
pochi
rodd
samsho5sp
shocktrj
ssvsp
